// Jest Snapshot v1, https://goo.gl/fbAQLP

exports[`snapshot testing first snapshot 1`] = `
<button
  type="button"
/>
`;
