// Jest Snapshot v1, https://goo.gl/fbAQLP

exports[`snapshot testing first snapshot 1`] = `
<div
  className="base"
  data-testid="calculatorTest"
>
  <div
    className="main"
  >
    <p
      id="total"
    >
      0
    </p>
    <div
      className="mainKeyPad"
    >
      <button
        className="greyKey"
        onClick={[Function]}
        type="button"
      >
        AC
      </button>
      <button
        className="greyKey"
        onClick={[Function]}
        type="button"
      >
        +/-
      </button>
      <button
        className="greyKey"
        onClick={[Function]}
        type="button"
      >
        %
      </button>
      <button
        className="signs"
        onClick={[Function]}
        type="button"
      >
        +
      </button>
      <button
        className="greyKey"
        onClick={[Function]}
        type="button"
      >
        9
      </button>
      <button
        className="greyKey"
        onClick={[Function]}
        type="button"
      >
        8
      </button>
      <button
        className="greyKey"
        onClick={[Function]}
        type="button"
      >
        7
      </button>
      <button
        className="signs"
        onClick={[Function]}
        type="button"
      >
        x
      </button>
      <button
        className="greyKey"
        onClick={[Function]}
        type="button"
      >
        4
      </button>
      <button
        className="greyKey"
        onClick={[Function]}
        type="button"
      >
        5
      </button>
      <button
        className="greyKey"
        onClick={[Function]}
        type="button"
      >
        6
      </button>
      <button
        className="signs"
        onClick={[Function]}
        type="button"
      >
        -
      </button>
      <button
        className="greyKey"
        onClick={[Function]}
        type="button"
      >
        1
      </button>
      <button
        className="greyKey"
        onClick={[Function]}
        type="button"
      >
        2
      </button>
      <button
        className="greyKey"
        onClick={[Function]}
        type="button"
      >
        3
      </button>
      <button
        className="signs"
        onClick={[Function]}
        type="button"
      >
        +
      </button>
      <button
        className="greyKey extra1"
        onClick={[Function]}
        type="button"
      >
         
      </button>
      <button
        className="greyKey extra2"
        onClick={[Function]}
        type="button"
      >
        0
      </button>
      <button
        className="greyKey "
        onClick={[Function]}
        type="button"
      >
        .
      </button>
      <button
        className="signs"
        onClick={[Function]}
        type="button"
      >
        =
      </button>
    </div>
  </div>
  <div>
    <h2>
      Lets do some Math!
    </h2>
  </div>
</div>
`;
