// Jest Snapshot v1, https://goo.gl/fbAQLP

exports[`snapshot testing first snapshot 1`] = `
<div
  data-testid="homeTest"
>
  <h1>
    Welcome to our page
  </h1>
  <p
    style={
      Object {
        "textAlign": "left",
        "width": "90vw",
      }
    }
  >
    Lorem ipsum odor amet, consectetuer adipiscing elit. Lectus phasellus velit iaculis dolor porta in vestibulum risus leo. Nec tempus a tellus, nec ligula dis nibh et. Fames consectetur nibh sociosqu ante est feugiat. Nascetur nibh vestibulum suscipit porta nascetur. Nisi venenatis blandit aptent; duis efficitur facilisi. Suspendisse luctus sociosqu ac, justo per arcu. Donec etiam fermentum nunc ex cubilia fermentum pulvinar id proin?
  </p>
  <p
    style={
      Object {
        "textAlign": "left",
        "width": "90vw",
      }
    }
  >
    Lorem ipsum odor amet, consectetuer adipiscing elit. Lectus phasellus velit iaculis dolor porta in vestibulum risus leo. Nec tempus a tellus, nec ligula dis nibh et. Fames consectetur nibh sociosqu ante est feugiat. Nascetur nibh vestibulum suscipit porta nascetur. Nisi venenatis blandit aptent; duis efficitur facilisi. Suspendisse luctus sociosqu ac, justo per arcu. Donec etiam fermentum nunc ex cubilia fermentum pulvinar id proin?
  </p>
</div>
`;
