// Jest Snapshot v1, https://goo.gl/fbAQLP

exports[`snapshot testing first snapshot of quote 1`] = `
<h2
  className="quoteW"
  data-testid="QuoteTest"
>
  Mathematics is not about number equations, computations, or algorithms. It is about understanding William Paul Thurston.
</h2>
`;
